------------------------------------------------------------
Timing Analyzer Summary
------------------------------------------------------------

Type  : Slow 1100mV 85C Model Setup 'MasterFSM:masterFSM|currentState[0]'
Slack : -7.304
TNS   : -246.640

Type  : Slow 1100mV 85C Model Setup 'CLOCK_50'
Slack : -7.062
TNS   : -8979.469

Type  : Slow 1100mV 85C Model Setup 'PS2_Controller:ps2|Altera_UP_PS2_Data_In:PS2_Data_In|received_data_en'
Slack : -6.235
TNS   : -162.109

Type  : Slow 1100mV 85C Model Setup 'VGA|mypll|altpll_component|auto_generated|generic_pll1~PLL_OUTPUT_COUNTER|divclk'
Slack : 32.644
TNS   : 0.000

Type  : Slow 1100mV 85C Model Hold 'CLOCK_50'
Slack : -1.975
TNS   : -6.749

Type  : Slow 1100mV 85C Model Hold 'VGA|mypll|altpll_component|auto_generated|generic_pll1~PLL_OUTPUT_COUNTER|divclk'
Slack : 0.378
TNS   : 0.000

Type  : Slow 1100mV 85C Model Hold 'PS2_Controller:ps2|Altera_UP_PS2_Data_In:PS2_Data_In|received_data_en'
Slack : 0.441
TNS   : 0.000

Type  : Slow 1100mV 85C Model Hold 'MasterFSM:masterFSM|currentState[0]'
Slack : 0.879
TNS   : 0.000

Type  : Slow 1100mV 85C Model Recovery 'CLOCK_50'
Slack : 16.688
TNS   : 0.000

Type  : Slow 1100mV 85C Model Removal 'CLOCK_50'
Slack : 1.071
TNS   : 0.000

Type  : Slow 1100mV 85C Model Minimum Pulse Width 'PS2_Controller:ps2|Altera_UP_PS2_Data_In:PS2_Data_In|received_data_en'
Slack : -0.394
TNS   : -16.206

Type  : Slow 1100mV 85C Model Minimum Pulse Width 'MasterFSM:masterFSM|currentState[0]'
Slack : 0.002
TNS   : 0.000

Type  : Slow 1100mV 85C Model Minimum Pulse Width 'VGA|mypll|altpll_component|auto_generated|generic_pll1~FRACTIONAL_PLL|vcoph[0]'
Slack : 1.666
TNS   : 0.000

Type  : Slow 1100mV 85C Model Minimum Pulse Width 'CLOCK_50'
Slack : 8.828
TNS   : 0.000

Type  : Slow 1100mV 85C Model Minimum Pulse Width 'VGA|mypll|altpll_component|auto_generated|generic_pll1~PLL_OUTPUT_COUNTER|divclk'
Slack : 18.772
TNS   : 0.000

Type  : Slow 1100mV 0C Model Setup 'MasterFSM:masterFSM|currentState[0]'
Slack : -7.337
TNS   : -246.202

Type  : Slow 1100mV 0C Model Setup 'PS2_Controller:ps2|Altera_UP_PS2_Data_In:PS2_Data_In|received_data_en'
Slack : -6.347
TNS   : -165.608

Type  : Slow 1100mV 0C Model Setup 'CLOCK_50'
Slack : -6.311
TNS   : -8153.478

Type  : Slow 1100mV 0C Model Setup 'VGA|mypll|altpll_component|auto_generated|generic_pll1~PLL_OUTPUT_COUNTER|divclk'
Slack : 32.830
TNS   : 0.000

Type  : Slow 1100mV 0C Model Hold 'CLOCK_50'
Slack : -2.263
TNS   : -28.997

Type  : Slow 1100mV 0C Model Hold 'VGA|mypll|altpll_component|auto_generated|generic_pll1~PLL_OUTPUT_COUNTER|divclk'
Slack : 0.356
TNS   : 0.000

Type  : Slow 1100mV 0C Model Hold 'PS2_Controller:ps2|Altera_UP_PS2_Data_In:PS2_Data_In|received_data_en'
Slack : 0.400
TNS   : 0.000

Type  : Slow 1100mV 0C Model Hold 'MasterFSM:masterFSM|currentState[0]'
Slack : 0.704
TNS   : 0.000

Type  : Slow 1100mV 0C Model Recovery 'CLOCK_50'
Slack : 16.827
TNS   : 0.000

Type  : Slow 1100mV 0C Model Removal 'CLOCK_50'
Slack : 0.969
TNS   : 0.000

Type  : Slow 1100mV 0C Model Minimum Pulse Width 'PS2_Controller:ps2|Altera_UP_PS2_Data_In:PS2_Data_In|received_data_en'
Slack : -0.394
TNS   : -15.804

Type  : Slow 1100mV 0C Model Minimum Pulse Width 'MasterFSM:masterFSM|currentState[0]'
Slack : -0.009
TNS   : -0.009

Type  : Slow 1100mV 0C Model Minimum Pulse Width 'VGA|mypll|altpll_component|auto_generated|generic_pll1~FRACTIONAL_PLL|vcoph[0]'
Slack : 1.666
TNS   : 0.000

Type  : Slow 1100mV 0C Model Minimum Pulse Width 'CLOCK_50'
Slack : 8.789
TNS   : 0.000

Type  : Slow 1100mV 0C Model Minimum Pulse Width 'VGA|mypll|altpll_component|auto_generated|generic_pll1~PLL_OUTPUT_COUNTER|divclk'
Slack : 18.756
TNS   : 0.000

Type  : Fast 1100mV 85C Model Setup 'CLOCK_50'
Slack : -4.954
TNS   : -6140.399

Type  : Fast 1100mV 85C Model Setup 'MasterFSM:masterFSM|currentState[0]'
Slack : -4.067
TNS   : -128.712

Type  : Fast 1100mV 85C Model Setup 'PS2_Controller:ps2|Altera_UP_PS2_Data_In:PS2_Data_In|received_data_en'
Slack : -3.347
TNS   : -84.802

Type  : Fast 1100mV 85C Model Setup 'VGA|mypll|altpll_component|auto_generated|generic_pll1~PLL_OUTPUT_COUNTER|divclk'
Slack : 35.201
TNS   : 0.000

Type  : Fast 1100mV 85C Model Hold 'CLOCK_50'
Slack : -1.313
TNS   : -10.859

Type  : Fast 1100mV 85C Model Hold 'PS2_Controller:ps2|Altera_UP_PS2_Data_In:PS2_Data_In|received_data_en'
Slack : 0.217
TNS   : 0.000

Type  : Fast 1100mV 85C Model Hold 'VGA|mypll|altpll_component|auto_generated|generic_pll1~PLL_OUTPUT_COUNTER|divclk'
Slack : 0.219
TNS   : 0.000

Type  : Fast 1100mV 85C Model Hold 'MasterFSM:masterFSM|currentState[0]'
Slack : 0.574
TNS   : 0.000

Type  : Fast 1100mV 85C Model Recovery 'CLOCK_50'
Slack : 17.724
TNS   : 0.000

Type  : Fast 1100mV 85C Model Removal 'CLOCK_50'
Slack : 0.670
TNS   : 0.000

Type  : Fast 1100mV 85C Model Minimum Pulse Width 'PS2_Controller:ps2|Altera_UP_PS2_Data_In:PS2_Data_In|received_data_en'
Slack : -0.051
TNS   : -0.320

Type  : Fast 1100mV 85C Model Minimum Pulse Width 'MasterFSM:masterFSM|currentState[0]'
Slack : 0.085
TNS   : 0.000

Type  : Fast 1100mV 85C Model Minimum Pulse Width 'VGA|mypll|altpll_component|auto_generated|generic_pll1~FRACTIONAL_PLL|vcoph[0]'
Slack : 1.666
TNS   : 0.000

Type  : Fast 1100mV 85C Model Minimum Pulse Width 'CLOCK_50'
Slack : 8.815
TNS   : 0.000

Type  : Fast 1100mV 85C Model Minimum Pulse Width 'VGA|mypll|altpll_component|auto_generated|generic_pll1~PLL_OUTPUT_COUNTER|divclk'
Slack : 18.885
TNS   : 0.000

Type  : Fast 1100mV 0C Model Setup 'CLOCK_50'
Slack : -3.967
TNS   : -4678.275

Type  : Fast 1100mV 0C Model Setup 'MasterFSM:masterFSM|currentState[0]'
Slack : -3.799
TNS   : -121.232

Type  : Fast 1100mV 0C Model Setup 'PS2_Controller:ps2|Altera_UP_PS2_Data_In:PS2_Data_In|received_data_en'
Slack : -3.204
TNS   : -82.051

Type  : Fast 1100mV 0C Model Setup 'VGA|mypll|altpll_component|auto_generated|generic_pll1~PLL_OUTPUT_COUNTER|divclk'
Slack : 35.721
TNS   : 0.000

Type  : Fast 1100mV 0C Model Hold 'CLOCK_50'
Slack : -1.486
TNS   : -28.092

Type  : Fast 1100mV 0C Model Hold 'PS2_Controller:ps2|Altera_UP_PS2_Data_In:PS2_Data_In|received_data_en'
Slack : 0.180
TNS   : 0.000

Type  : Fast 1100mV 0C Model Hold 'VGA|mypll|altpll_component|auto_generated|generic_pll1~PLL_OUTPUT_COUNTER|divclk'
Slack : 0.202
TNS   : 0.000

Type  : Fast 1100mV 0C Model Hold 'MasterFSM:masterFSM|currentState[0]'
Slack : 0.515
TNS   : 0.000

Type  : Fast 1100mV 0C Model Recovery 'CLOCK_50'
Slack : 17.957
TNS   : 0.000

Type  : Fast 1100mV 0C Model Removal 'CLOCK_50'
Slack : 0.579
TNS   : 0.000

Type  : Fast 1100mV 0C Model Minimum Pulse Width 'PS2_Controller:ps2|Altera_UP_PS2_Data_In:PS2_Data_In|received_data_en'
Slack : 0.005
TNS   : 0.000

Type  : Fast 1100mV 0C Model Minimum Pulse Width 'MasterFSM:masterFSM|currentState[0]'
Slack : 0.153
TNS   : 0.000

Type  : Fast 1100mV 0C Model Minimum Pulse Width 'VGA|mypll|altpll_component|auto_generated|generic_pll1~FRACTIONAL_PLL|vcoph[0]'
Slack : 1.666
TNS   : 0.000

Type  : Fast 1100mV 0C Model Minimum Pulse Width 'CLOCK_50'
Slack : 8.810
TNS   : 0.000

Type  : Fast 1100mV 0C Model Minimum Pulse Width 'VGA|mypll|altpll_component|auto_generated|generic_pll1~PLL_OUTPUT_COUNTER|divclk'
Slack : 18.885
TNS   : 0.000

------------------------------------------------------------
